//You will see "infinite loop" getting printed continuosly on the screen.
