______________test alias and unalias command____________ 
No such aliased word exists
/home
are you sure you want to remove all aliases?y/n:y
all aliases removed.


