___________________________testing aspice command____________________ 
Usage: aspice input_file output_file

