_____________test quit command______________ 
Make sure you have saved everything you wanted to.
Are you sure you want to quit?y/n:y

