______________test sysinfo command______________ 
Model name	: Intel(R) Core(TM) i5-2450M CPU @ 2.50GHz
OS Description  :"Ubuntu 12.04 LTS"
CPU MHz		: 2494.389
RAM Available   : 1542776kB
RAM Free        : 725376kB
