# semiconductor "resistor" test 
#           v(1)       v(2)       r(R1)      r(R2)     
 300.15     2.         0.66667    1.K        500.      
#Freq       v(1)       v(2)      
 0.         5.         1.6667    
V1  1  0  DC   2.  AC   5.
R1  1  2  1.K
R2  2  0  t1  l= 1.u  w= 2.u
.model  t1  r  (  tnom= 27.  rsh= 1.K  narrow= 0.  defw= 1.u  tc1= 0.
+  tc2= 0.)
*+()
.print op v(nodes) r(r*) 
.print ac v(nodes) 
.op 
.ac 
