'play with the list command 
list 
V1  1  0  GENERATOR
L3  1  2  1.
R4  2  0  1.
R5  1  3  0.97
C6  3  0  1.
.option trace 
list r* 
R4  2  0  1.
R5  1  3  0.97
list l3 r5 
L3  1  2  1.
R5  1  3  0.97
list l3 - r5 
L3  1  2  1.
R4  2  0  1.
R5  1  3  0.97
list l3 - 
L3  1  2  1.
R4  2  0  1.
R5  1  3  0.97
C6  3  0  1.
.option trace 
.list 
.list r* 
.list l3 r5 
.list l3 - r5 
list l3 
L3  1  2  1.
list c6 - 
C6  3  0  1.
.option trace 
.list 
.list r* 
.list l3 r5 
.list l3 - r5 
.list l3 - 
.list l3 
end 
