' cap with initial condition, ignored because I didn't say "uic" 
C1  1  0   1.  ic= 3.
R1  1  0  1.
#Time       v(1)      
 0.         0.        
 1.         0.        
 2.         0.        
 3.         0.        
 4.         0.        
 5.         0.        
 6.         0.        
 7.         0.        
 8.         0.        
 9.         0.        
 10.        0.        
