# cccs test, with element probes (forces full eval) 
I1  1  0  DC   11.  AC   11.
Ri1  1  0  10.
E1  2  0  1  0  8.
Re1  2  0  10.
* sense the voltage source (0 volts) 
I2  3  0  DC   11.  AC   11.
Ri2  4  0  10.
V2  3  4  DC   0.
F2  5  0  V2  8.
Rf2  5  0  10.
* sense a live voltage source 
V7  6  0  DC   11.  AC   11.
Rv7  6  0  10.
F7  7  0  V7  8.
Rf7  7  0  10.
#           v(1)       v(2)       v(3)       v(4)       v(5)       v(6)       v(7)       f(F2)      f(F7)     
 300.15    -110.      -880.      -110.      -110.       880.       11.        88.       -88.       -8.8       
#Time       v(1)       v(2)       v(3)       v(4)       v(5)       v(6)       v(7)       f(F2)      f(F7)     
 0.        -110.      -880.      -110.      -110.       880.       11.        88.       -88.       -8.8       
 0.05      -110.      -880.      -110.      -110.       880.       11.        88.       -88.       -8.8       
 0.1       -110.      -880.      -110.      -110.       880.       11.        88.       -88.       -8.8       
#Freq       v(1)       v(2)       v(3)       v(4)       v(5)       v(6)       v(7)       f(F2)      f(F7)     
 1.K        110.       880.       110.       110.       880.       11.        88.        ??         ??        
 2.K        110.       880.       110.       110.       880.       11.        88.        ??         ??        
