Test of MOS BSIM2 implementation; DC transfer curve 
#           I(V1)      I(V2)      I(V3)      I(V4)      I(V5)     
 0.         0.         0.         0.         0.         0.        
 0.01       0.         0.         0.         0.         0.        
 0.02       0.         0.         0.         0.         0.        
 0.03       0.         0.         0.         0.         0.        
 0.04       0.         0.         0.         0.         0.        
 0.05       0.         0.         0.         0.         0.        
 0.06       0.         0.         0.         0.         0.        
 0.07       0.         0.         0.         0.         0.        
 0.08       0.         0.         0.         0.         0.        
 0.09       0.         0.         0.         0.         0.        
 0.1        0.         0.         0.         0.         0.        
 0.11       0.         0.         0.         0.         0.        
 0.12       0.         0.         0.         0.         0.        
 0.13       0.         0.         0.         0.         0.        
 0.14       0.         0.         0.         0.         0.        
 0.15       0.         0.         0.         0.         0.        
 0.16       0.         0.         0.         0.         0.        
 0.17       0.         0.         0.         0.         0.        
 0.18       0.         0.         0.         0.         0.        
 0.19       0.         0.         0.         0.         0.        
 0.2        0.         0.         0.         0.         0.        
 0.21       0.         0.         0.         0.         0.        
 0.22       0.         0.         0.         0.         0.        
 0.23       0.         0.         0.         0.         0.        
 0.24       0.         0.         0.         0.         0.        
 0.25       0.         0.         0.         0.         0.        
 0.26       0.         0.         0.         0.         0.        
 0.27       0.         0.         0.         0.         0.        
 0.28       0.         0.         0.         0.         0.        
 0.29       0.         0.         0.         0.         0.        
 0.3        0.         0.         0.         0.         0.        
 0.31       0.         0.         0.         0.         0.        
 0.32       0.         0.         0.         0.         0.        
 0.33       0.         0.         0.         0.         0.        
 0.34       0.         0.         0.         0.         0.        
 0.35       0.         0.         0.         0.         0.        
 0.36       0.         0.         0.         0.         0.        
 0.37       0.         0.         0.         0.         0.        
 0.38       0.         0.         0.         0.         0.        
 0.39       0.         0.         0.         0.         0.        
 0.4        624.5p     0.         0.         0.         0.        
 0.41       813.93p    0.         0.         0.         0.        
 0.42       1.0596n    0.         0.         0.         0.        
 0.43       1.3795n    0.         0.         0.         0.        
 0.44       1.7965n    0.         0.         0.         0.        
 0.45       2.3391n    0.         0.         0.         0.        
 0.46       3.0455n    0.         0.         0.         0.        
 0.47       3.9656n    0.         0.         0.         0.        
 0.48       5.1639n    0.         0.         0.         0.        
 0.49       6.7231n    0.         0.         0.         0.        
 0.5        8.7534n    0.         0.         0.         0.        
 0.51       11.397n    0.         0.         0.         0.        
 0.52       14.839n    0.         0.         0.         0.        
 0.53       19.319n    0.         0.         0.         0.        
 0.54       25.151n    0.         0.         0.         0.        
 0.55       32.746n    0.         0.         0.         0.        
 0.56       42.633n    0.         0.         0.         0.        
 0.57       55.503n    0.         0.         0.         0.        
 0.58       72.254n    0.         0.         0.         0.        
 0.59       94.046n    0.         0.         0.         0.        
 0.6        122.37n    0.         0.         0.         0.        
 0.61       157.29n    0.         0.         0.         0.        
 0.62       200.29n    0.         0.         0.         0.        
 0.63       251.78n    0.         0.         0.         0.        
 0.64       312.7n     0.         0.         0.         0.        
 0.65       383.99n    0.         0.         0.         0.        
 0.66       466.63n    0.         0.         0.         0.        
 0.67       561.6n     0.         0.         0.         0.        
 0.68       669.92n    0.         0.         0.         0.        
 0.69       792.64n    0.         0.         0.         0.        
 0.7        930.88n    0.         0.         0.         0.        
 0.71       1.0852u    0.         0.         0.         0.        
 0.72       1.2471u    0.         0.         0.         0.        
 0.73       1.413u     0.         0.         0.         0.        
 0.74       1.5829u    0.         0.         0.         0.        
 0.75       1.757u     0.         0.         0.         0.        
 0.76       1.9352u    0.         0.         0.         0.        
 0.77       2.1175u    0.         0.         0.         0.        
 0.78       2.3041u    0.         0.         0.         0.        
 0.79       2.4951u    0.         0.         0.         0.        
 0.8        2.6904u    0.         0.         0.         0.        
 0.81       2.8901u    0.         0.         0.         0.        
 0.82       3.0944u    0.         0.         0.         0.        
 0.83       3.3032u    0.         0.         0.         0.        
 0.84       3.5168u    643.93p    0.         0.         0.        
 0.85       3.7349u    877.08p    0.         0.         0.        
 0.86       3.9579u    1.1935n    0.         0.         0.        
 0.87       4.1856u    1.6258n    0.         0.         0.        
 0.88       4.4181u    2.2142n    0.         0.         0.        
 0.89       4.6554u    3.0156n    0.         0.         0.        
 0.9        4.8976u    4.1071n    0.         0.         0.        
 0.91       5.1447u    5.5948n    0.         0.         0.        
 0.92       5.3967u    7.6203n    0.         0.         0.        
 0.93       5.6536u    10.38n     0.         0.         0.        
 0.94       5.915u     14.137n    0.         0.         0.        
 0.95       6.1766u    19.255n    0.         0.         0.        
 0.96       6.4376u    26.228n    0.         0.         0.        
 0.97       6.6978u    35.667n    0.         0.         0.        
 0.98       6.9575u    49.079n    0.         0.         0.        
 0.99       7.2165u    68.046n    0.         0.         0.        
 1.         7.4749u    94.029n    0.         0.         0.        
 1.01       7.7327u    128.65n    0.         0.         0.        
 1.02       7.99u      173.64n    0.         0.         0.        
 1.03       8.2468u    230.77n    0.         0.         0.        
 1.04       8.503u     301.82n    0.         0.         0.        
 1.05       8.7587u    388.51n    0.         0.         0.        
 1.06       9.0139u    492.55n    0.         0.         0.        
 1.07       9.2686u    615.62n    0.         0.         0.        
 1.08       9.5228u    759.4n     0.         0.         0.        
 1.09       9.7766u    925.58n    0.         0.         0.        
 1.1        10.03u     1.1128u    0.         0.         0.        
 1.11       10.283u    1.3069u    0.         0.         0.        
 1.12       10.535u    1.5058u    0.         0.         0.        
 1.13       10.787u    1.7093u    0.         0.         0.        
 1.14       11.038u    1.9172u    0.         0.         0.        
 1.15       11.289u    2.1294u    0.         0.         0.        
 1.16       11.54u     2.346u     546.78p    0.         0.        
 1.17       11.79u     2.5667u    760.5p     0.         0.        
 1.18       12.039u    2.7915u    1.0589n    0.         0.        
 1.19       12.289u    3.0203u    1.4752n    0.         0.        
 1.2        12.537u    3.253u     2.0546n    0.         0.        
 1.21       12.786u    3.4894u    2.8616n    0.         0.        
 1.22       13.034u    3.7295u    3.9871n    0.         0.        
 1.23       13.281u    3.9731u    5.5546n    0.         0.        
 1.24       13.528u    4.2201u    7.7376n    0.         0.        
 1.25       13.775u    4.4702u    10.78n     0.         0.        
 1.26       14.021u    4.7233u    15.214n    0.         0.        
 1.27       14.266u    4.9792u    22.735n    0.         0.        
 1.28       14.512u    5.2378u    34.755n    0.         0.        
 1.29       14.756u    5.4988u    52.925n    0.         0.        
 1.3        15.001u    5.762u     79.192n    0.         0.        
 1.31       15.245u    6.027u     115.74n    0.         0.        
 1.32       15.488u    6.2916u    164.86n    0.         0.        
 1.33       15.732u    6.5555u    228.91n    0.         0.        
 1.34       15.974u    6.8187u    310.16n    0.         0.        
 1.35       16.217u    7.0813u    410.8n     0.         0.        
 1.36       16.458u    7.3432u    532.94n    0.         0.        
 1.37       16.7u      7.6045u    678.66n    0.         0.        
 1.38       16.941u    7.8652u    850.06n    0.         0.        
 1.39       17.181u    8.1253u    1.0482u    0.         0.        
 1.4        17.421u    8.3849u    1.2574u    0.         0.        
 1.41       17.661u    8.6439u    1.4718u    0.         0.        
 1.42       17.9u      8.9024u    1.6909u    0.         0.        
 1.43       18.139u    9.1603u    1.9146u    0.         0.        
 1.44       18.378u    9.4177u    2.1427u    630.05p    0.        
 1.45       18.616u    9.6746u    2.3751u    890.26p    0.        
 1.46       18.853u    9.9309u    2.6116u    1.2566n    0.        
 1.47       19.09u     10.187u    2.852u     1.775n     0.        
 1.48       19.327u    10.442u    3.0961u    2.5077n    0.        
 1.49       19.563u    10.697u    3.3438u    3.5437n    0.        
 1.5        19.799u    10.951u    3.5948u    5.014n     0.        
 1.51       20.035u    11.205u    3.8489u    7.8555n    0.        
 1.52       20.27u     11.459u    4.1057u    13.404n    0.        
 1.53       20.504u    11.712u    4.3651u    23.096n    0.        
 1.54       20.738u    11.964u    4.6267u    38.79n     0.        
 1.55       20.972u    12.216u    4.8902u    62.712n    0.        
 1.56       21.205u    12.467u    5.1554u    97.378n    0.        
 1.57       21.438u    12.718u    5.4219u    145.48n    0.        
 1.58       21.671u    12.969u    5.6894u    209.72n    0.        
 1.59       21.902u    13.219u    5.9577u    292.74n    0.        
 1.6        22.134u    13.468u    6.2258u    397.06n    0.        
 1.61       22.365u    13.717u    6.4932u    525.08n    0.        
 1.62       22.596u    13.966u    6.7598u    679.19n    0.        
 1.63       22.826u    14.214u    7.0258u    861.77n    0.        
 1.64       23.056u    14.462u    7.2911u    1.0723u    0.        
 1.65       23.285u    14.709u    7.5557u    1.2921u    0.        
 1.66       23.514u    14.956u    7.8198u    1.5172u    0.        
 1.67       23.743u    15.202u    8.0832u    1.7471u    0.        
 1.68       23.971u    15.448u    8.346u     1.9818u    501.68p   
 1.69       24.198u    15.693u    8.6082u    2.221u     714.71p   
 1.7        24.426u    15.938u    8.8699u    2.4646u    1.0186n   
 1.71       24.652u    16.182u    9.1309u    2.7122u    1.4516n   
 1.72       24.879u    16.426u    9.3915u    2.9636u    2.0851n   
 1.73       25.105u    16.669u    9.6514u    3.2187u    3.6533n   
 1.74       25.33u     16.912u    9.9108u    3.477u     7.2518n   
 1.75       25.555u    17.155u    10.17u     3.7383u    14.282n   
 1.76       25.78u     17.397u    10.428u    4.0022u    26.634n   
 1.77       26.004u    17.638u    10.686u    4.2683u    46.623n   
 1.78       26.228u    17.88u     10.943u    4.5365u    76.919n   
 1.79       26.451u    18.12u     11.2u      4.8061u    120.43n   
 1.8        26.674u    18.36u     11.456u    5.077u     180.13n   
 1.81       26.896u    18.6u      11.712u    5.3486u    258.92n   
 1.82       27.118u    18.839u    11.967u    5.6206u    359.56n   
 1.83       27.34u     19.078u    12.221u    5.8927u    484.73n   
 1.84       27.561u    19.316u    12.475u    6.1643u    637.06n   
 1.85       27.782u    19.554u    12.729u    6.4352u    819.19n   
 1.86       28.002u    19.791u    12.982u    6.7054u    1.0322u   
 1.87       28.222u    20.028u    13.234u    6.9748u    1.2571u   
 1.88       28.441u    20.264u    13.486u    7.2435u    1.4876u   
 1.89       28.66u     20.5u      13.738u    7.5116u    1.7233u   
 1.9        28.878u    20.736u    13.989u    7.779u     1.9641u   
 1.91       29.096u    20.971u    14.239u    8.0457u    2.2096u   
 1.92       29.314u    21.205u    14.489u    8.3119u    2.4597u   
 1.93       29.531u    21.439u    14.739u    8.5773u    2.7139u   
 1.94       29.748u    21.673u    14.988u    8.8422u    2.9722u   
 1.95       29.964u    21.906u    15.236u    9.1065u    3.234u    
 1.96       30.18u     22.138u    15.484u    9.3701u    3.4991u   
 1.97       30.395u    22.37u     15.731u    9.6332u    3.767u    
 1.98       30.61u     22.602u    15.978u    9.8957u    4.0374u   
 1.99       30.825u    22.833u    16.225u    10.158u    4.3099u   
 2.         31.039u    23.064u    16.47u     10.419u    4.584u    
 2.01       31.252u    23.294u    16.716u    10.68u     4.8594u   
 2.02       31.465u    23.524u    16.96u     10.94u     5.1355u   
 2.03       31.678u    23.753u    17.205u    11.199u    5.412u    
 2.04       31.89u     23.982u    17.449u    11.458u    5.6884u   
 2.05       32.102u    24.21u     17.692u    11.717u    5.9643u   
 2.06       32.314u    24.438u    17.935u    11.975u    6.2392u   
 2.07       32.525u    24.665u    18.177u    12.232u    6.5133u   
 2.08       32.735u    24.892u    18.419u    12.489u    6.7866u   
 2.09       32.945u    25.118u    18.66u     12.745u    7.0592u   
 2.1        33.155u    25.344u    18.901u    13.001u    7.3311u   
 2.11       33.364u    25.57u     19.141u    13.256u    7.6023u   
 2.12       33.573u    25.795u    19.38u     13.51u     7.8728u   
 2.13       33.781u    26.019u    19.62u     13.764u    8.1426u   
 2.14       33.989u    26.243u    19.858u    14.017u    8.4118u   
 2.15       34.196u    26.467u    20.096u    14.27u     8.6803u   
 2.16       34.403u    26.69u     20.334u    14.523u    8.9482u   
 2.17       34.61u     26.912u    20.571u    14.774u    9.2154u   
 2.18       34.816u    27.134u    20.808u    15.025u    9.4819u   
 2.19       35.022u    27.356u    21.044u    15.276u    9.7479u   
 2.2        35.227u    27.577u    21.279u    15.526u    10.013u   
 2.21       35.432u    27.798u    21.514u    15.776u    10.278u   
 2.22       35.636u    28.018u    21.749u    16.024u    10.542u   
 2.23       35.84u     28.237u    21.983u    16.273u    10.805u   
 2.24       36.043u    28.457u    22.216u    16.521u    11.068u   
 2.25       36.246u    28.675u    22.449u    16.768u    11.33u    
 2.26       36.449u    28.894u    22.682u    17.015u    11.592u   
 2.27       36.651u    29.111u    22.914u    17.261u    11.853u   
 2.28       36.852u    29.329u    23.145u    17.506u    12.113u   
 2.29       37.054u    29.545u    23.376u    17.751u    12.373u   
 2.3        37.254u    29.762u    23.606u    17.996u    12.632u   
 2.31       37.455u    29.978u    23.836u    18.24u     12.891u   
 2.32       37.655u    30.193u    24.066u    18.483u    13.149u   
 2.33       37.854u    30.408u    24.294u    18.726u    13.406u   
 2.34       38.053u    30.622u    24.523u    18.968u    13.663u   
 2.35       38.251u    30.836u    24.751u    19.21u     13.919u   
 2.36       38.45u     31.049u    24.978u    19.451u    14.175u   
 2.37       38.647u    31.262u    25.205u    19.692u    14.43u    
 2.38       38.844u    31.475u    25.431u    19.932u    14.684u   
 2.39       39.041u    31.687u    25.657u    20.171u    14.938u   
 2.4        39.237u    31.898u    25.882u    20.41u     15.191u   
 2.41       39.433u    32.109u    26.106u    20.648u    15.443u   
 2.42       39.629u    32.32u     26.331u    20.886u    15.695u   
 2.43       39.824u    32.53u     26.554u    21.123u    15.947u   
 2.44       40.018u    32.739u    26.777u    21.36u     16.197u   
 2.45       40.212u    32.948u    27.u       21.596u    16.448u   
 2.46       40.406u    33.157u    27.222u    21.832u    16.697u   
 2.47       40.599u    33.365u    27.443u    22.066u    16.946u   
 2.48       40.792u    33.573u    27.664u    22.301u    17.194u   
 2.49       40.984u    33.78u     27.885u    22.535u    17.442u   
 2.5        41.176u    33.987u    28.105u    22.768u    17.689u   
 2.51       41.368u    34.193u    28.324u    23.001u    17.936u   
 2.52       41.558u    34.398u    28.543u    23.233u    18.182u   
 2.53       41.749u    34.604u    28.762u    23.465u    18.427u   
 2.54       41.939u    34.808u    28.98u     23.696u    18.672u   
 2.55       42.129u    35.013u    29.197u    23.926u    18.916u   
 2.56       42.318u    35.216u    29.414u    24.156u    19.159u   
 2.57       42.507u    35.42u     29.63u     24.385u    19.402u   
 2.58       42.695u    35.622u    29.846u    24.614u    19.644u   
 2.59       42.883u    35.825u    30.061u    24.842u    19.886u   
 2.6        43.07u     36.026u    30.276u    25.07u     20.127u   
 2.61       43.257u    36.228u    30.49u     25.297u    20.368u   
 2.62       43.444u    36.429u    30.704u    25.524u    20.608u   
 2.63       43.63u     36.629u    30.917u    25.75u     20.847u   
 2.64       43.816u    36.829u    31.13u     25.975u    21.086u   
 2.65       44.001u    37.028u    31.342u    26.2u      21.324u   
 2.66       44.186u    37.227u    31.553u    26.424u    21.561u   
 2.67       44.37u     37.426u    31.764u    26.648u    21.798u   
 2.68       44.554u    37.624u    31.975u    26.871u    22.034u   
 2.69       44.737u    37.821u    32.185u    27.094u    22.27u    
 2.7        44.92u     38.018u    32.395u    27.316u    22.505u   
 2.71       45.103u    38.215u    32.604u    27.537u    22.739u   
 2.72       45.285u    38.411u    32.812u    27.758u    22.973u   
 2.73       45.467u    38.606u    33.02u     27.978u    23.206u   
 2.74       45.648u    38.801u    33.227u    28.198u    23.439u   
 2.75       45.829u    38.996u    33.434u    28.417u    23.671u   
 2.76       46.009u    39.19u     33.641u    28.636u    23.903u   
 2.77       46.189u    39.383u    33.847u    28.854u    24.133u   
 2.78       46.369u    39.577u    34.052u    29.072u    24.364u   
 2.79       46.548u    39.769u    34.257u    29.289u    24.593u   
 2.8        46.726u    39.961u    34.461u    29.505u    24.822u   
 2.81       46.904u    40.153u    34.665u    29.721u    25.05u    
 2.82       47.082u    40.344u    34.868u    29.936u    25.278u   
 2.83       47.259u    40.535u    35.071u    30.151u    25.505u   
 2.84       47.436u    40.725u    35.273u    30.365u    25.732u   
 2.85       47.613u    40.915u    35.475u    30.579u    25.958u   
 2.86       47.789u    41.104u    35.676u    30.792u    26.183u   
 2.87       47.964u    41.293u    35.876u    31.004u    26.408u   
 2.88       48.139u    41.481u    36.076u    31.216u    26.632u   
 2.89       48.314u    41.669u    36.276u    31.427u    26.856u   
 2.9        48.488u    41.857u    36.475u    31.638u    27.079u   
 2.91       48.662u    42.043u    36.674u    31.848u    27.301u   
 2.92       48.835u    42.23u     36.872u    32.058u    27.523u   
 2.93       49.008u    42.416u    37.069u    32.267u    27.744u   
 2.94       49.181u    42.601u    37.266u    32.475u    27.964u   
 2.95       49.353u    42.786u    37.463u    32.683u    28.184u   
 2.96       49.524u    42.971u    37.658u    32.891u    28.403u   
 2.97       49.695u    43.155u    37.854u    33.097u    28.622u   
 2.98       49.866u    43.338u    38.049u    33.304u    28.84u    
 2.99       50.037u    43.521u    38.243u    33.509u    29.058u   
 3.         50.206u    43.704u    38.437u    33.715u    29.274u   
 3.01       50.376u    43.886u    38.63u     33.919u    29.491u   
 3.02       50.545u    44.068u    38.823u    34.123u    29.706u   
 3.03       50.713u    44.249u    39.016u    34.327u    29.921u   
 3.04       50.882u    44.429u    39.207u    34.529u    30.136u   
 3.05       51.049u    44.61u     39.399u    34.732u    30.35u    
 3.06       51.217u    44.789u    39.589u    34.933u    30.563u   
 3.07       51.383u    44.969u    39.78u     35.135u    30.775u   
 3.08       51.55u     45.147u    39.969u    35.335u    30.987u   
 3.09       51.716u    45.326u    40.158u    35.535u    31.199u   
 3.1        51.881u    45.503u    40.347u    35.735u    31.41u    
 3.11       52.046u    45.681u    40.535u    35.934u    31.62u    
 3.12       52.211u    45.858u    40.723u    36.132u    31.829u   
 3.13       52.375u    46.034u    40.91u     36.33u     32.038u   
 3.14       52.539u    46.21u     41.097u    36.527u    32.247u   
 3.15       52.703u    46.385u    41.283u    36.724u    32.455u   
 3.16       52.866u    46.56u     41.468u    36.92u     32.662u   
 3.17       53.028u    46.735u    41.653u    37.116u    32.868u   
 3.18       53.19u     46.909u    41.838u    37.311u    33.074u   
 3.19       53.352u    47.083u    42.022u    37.505u    33.28u    
 3.2        53.513u    47.256u    42.206u    37.699u    33.484u   
 3.21       53.674u    47.428u    42.389u    37.893u    33.689u   
 3.22       53.834u    47.6u      42.571u    38.086u    33.892u   
 3.23       53.994u    47.772u    42.753u    38.278u    34.095u   
 3.24       54.154u    47.943u    42.935u    38.469u    34.297u   
 3.25       54.313u    48.114u    43.116u    38.661u    34.499u   
 3.26       54.472u    48.284u    43.296u    38.851u    34.7u     
 3.27       54.63u     48.454u    43.476u    39.041u    34.901u   
 3.28       54.788u    48.623u    43.655u    39.231u    35.101u   
 3.29       54.945u    48.792u    43.834u    39.42u     35.3u     
 3.3        55.102u    48.961u    44.013u    39.608u    35.499u   
 3.31       55.259u    49.129u    44.191u    39.796u    35.697u   
 3.32       55.415u    49.296u    44.368u    39.983u    35.895u   
 3.33       55.571u    49.463u    44.545u    40.17u     36.092u   
 3.34       55.726u    49.63u     44.721u    40.356u    36.288u   
 3.35       55.881u    49.796u    44.897u    40.542u    36.484u   
 3.36       56.035u    49.961u    45.073u    40.727u    36.679u   
 3.37       56.189u    50.127u    45.247u    40.911u    36.874u   
 3.38       56.343u    50.291u    45.422u    41.095u    37.068u   
 3.39       56.496u    50.455u    45.596u    41.279u    37.261u   
 3.4        56.649u    50.619u    45.769u    41.462u    37.454u   
 3.41       56.801u    50.783u    45.942u    41.644u    37.646u   
 3.42       56.953u    50.945u    46.114u    41.826u    37.838u   
 3.43       57.105u    51.108u    46.286u    42.007u    38.029u   
 3.44       57.256u    51.27u     46.457u    42.188u    38.219u   
 3.45       57.407u    51.431u    46.628u    42.368u    38.409u   
 3.46       57.557u    51.592u    46.798u    42.547u    38.598u   
 3.47       57.707u    51.753u    46.968u    42.726u    38.787u   
 3.48       57.856u    51.913u    47.137u    42.905u    38.975u   
 3.49       58.005u    52.072u    47.306u    43.083u    39.162u   
 3.5        58.154u    52.231u    47.475u    43.26u     39.349u   
 3.51       58.302u    52.39u     47.642u    43.437u    39.535u   
 3.52       58.45u     52.548u    47.81u     43.613u    39.721u   
 3.53       58.597u    52.706u    47.977u    43.789u    39.906u   
 3.54       58.744u    52.864u    48.143u    43.964u    40.091u   
 3.55       58.891u    53.02u     48.309u    44.139u    40.275u   
 3.56       59.037u    53.177u    48.474u    44.313u    40.458u   
 3.57       59.183u    53.333u    48.639u    44.487u    40.641u   
 3.58       59.328u    53.488u    48.803u    44.66u     40.823u   
 3.59       59.473u    53.643u    48.967u    44.832u    41.005u   
 3.6        59.617u    53.798u    49.13u     45.004u    41.186u   
 3.61       59.761u    53.952u    49.293u    45.176u    41.366u   
 3.62       59.905u    54.106u    49.456u    45.347u    41.546u   
 3.63       60.048u    54.259u    49.617u    45.517u    41.725u   
 3.64       60.191u    54.412u    49.779u    45.687u    41.904u   
 3.65       60.334u    54.564u    49.94u     45.856u    42.082u   
 3.66       60.476u    54.716u    50.1u      46.025u    42.26u    
 3.67       60.617u    54.868u    50.26u     46.193u    42.436u   
 3.68       60.759u    55.019u    50.419u    46.361u    42.613u   
 3.69       60.899u    55.169u    50.578u    46.528u    42.789u   
 3.7        61.04u     55.319u    50.737u    46.695u    42.964u   
 3.71       61.18u     55.469u    50.895u    46.861u    43.139u   
 3.72       61.319u    55.618u    51.052u    47.027u    43.313u   
 3.73       61.459u    55.767u    51.209u    47.192u    43.486u   
 3.74       61.597u    55.915u    51.365u    47.356u    43.659u   
 3.75       61.736u    56.063u    51.521u    47.52u     43.831u   
 3.76       61.874u    56.21u     51.677u    47.684u    44.003u   
 3.77       62.011u    56.357u    51.832u    47.847u    44.174u   
 3.78       62.149u    56.504u    51.986u    48.009u    44.345u   
 3.79       62.285u    56.65u     52.14u     48.171u    44.515u   
 3.8        62.422u    56.796u    52.294u    48.332u    44.685u   
 3.81       62.558u    56.941u    52.447u    48.493u    44.853u   
 3.82       62.693u    57.086u    52.6u      48.654u    45.022u   
 3.83       62.829u    57.23u     52.752u    48.813u    45.19u    
 3.84       62.963u    57.374u    52.903u    48.973u    45.357u   
 3.85       63.098u    57.517u    53.055u    49.131u    45.523u   
 3.86       63.232u    57.66u     53.205u    49.29u     45.69u    
 3.87       63.366u    57.803u    53.356u    49.447u    45.855u   
 3.88       63.499u    57.945u    53.505u    49.605u    46.02u    
 3.89       63.632u    58.087u    53.654u    49.761u    46.184u   
 3.9        63.764u    58.228u    53.803u    49.917u    46.348u   
 3.91       63.896u    58.369u    53.952u    50.073u    46.512u   
 3.92       64.028u    58.509u    54.099u    50.228u    46.674u   
 3.93       64.159u    58.649u    54.247u    50.383u    46.836u   
 3.94       64.29u     58.789u    54.394u    50.537u    46.998u   
 3.95       64.42u     58.928u    54.54u     50.691u    47.159u   
 3.96       64.55u     59.067u    54.686u    50.844u    47.32u    
 3.97       64.68u     59.205u    54.831u    50.996u    47.48u    
 3.98       64.809u    59.343u    54.976u    51.148u    47.639u   
 3.99       64.938u    59.48u     55.121u    51.3u      47.798u   
 4.         65.067u    59.617u    55.265u    51.451u    47.956u   
 4.01       65.195u    59.753u    55.408u    51.601u    48.114u   
 4.02       65.323u    59.889u    55.552u    51.751u    48.271u   
 4.03       65.45u     60.025u    55.694u    51.901u    48.427u   
 4.04       65.577u    60.16u     55.836u    52.05u     48.584u   
 4.05       65.703u    60.295u    55.978u    52.198u    48.739u   
 4.06       65.83u     60.43u     56.119u    52.346u    48.894u   
 4.07       65.955u    60.563u    56.26u     52.494u    49.048u   
 4.08       66.081u    60.697u    56.4u      52.641u    49.202u   
 4.09       66.206u    60.83u     56.54u     52.787u    49.356u   
 4.1        66.331u    60.963u    56.68u     52.933u    49.508u   
 4.11       66.455u    61.095u    56.818u    53.079u    49.661u   
 4.12       66.579u    61.227u    56.957u    53.224u    49.812u   
 4.13       66.702u    61.358u    57.095u    53.368u    49.963u   
 4.14       66.825u    61.489u    57.232u    53.512u    50.114u   
 4.15       66.948u    61.62u     57.37u     53.655u    50.264u   
 4.16       67.07u     61.75u     57.506u    53.798u    50.414u   
 4.17       67.192u    61.88u     57.642u    53.941u    50.563u   
 4.18       67.314u    62.009u    57.778u    54.083u    50.711u   
 4.19       67.435u    62.138u    57.913u    54.224u    50.859u   
 4.2        67.556u    62.266u    58.048u    54.365u    51.006u   
 4.21       67.677u    62.394u    58.182u    54.506u    51.153u   
 4.22       67.797u    62.522u    58.316u    54.646u    51.3u     
 4.23       67.916u    62.649u    58.45u     54.785u    51.445u   
 4.24       68.036u    62.776u    58.583u    54.924u    51.591u   
 4.25       68.155u    62.903u    58.715u    55.063u    51.735u   
 4.26       68.273u    63.029u    58.847u    55.201u    51.88u    
 4.27       68.392u    63.154u    58.979u    55.339u    52.023u   
 4.28       68.509u    63.279u    59.11u     55.476u    52.166u   
 4.29       68.627u    63.404u    59.241u    55.612u    52.309u   
 4.3        68.744u    63.528u    59.371u    55.748u    52.451u   
 4.31       68.861u    63.652u    59.501u    55.884u    52.593u   
 4.32       68.977u    63.776u    59.631u    56.019u    52.734u   
 4.33       69.093u    63.899u    59.759u    56.154u    52.874u   
 4.34       69.209u    64.022u    59.888u    56.288u    53.014u   
 4.35       69.324u    64.144u    60.016u    56.422u    53.154u   
 4.36       69.439u    64.266u    60.144u    56.555u    53.293u   
 4.37       69.553u    64.387u    60.271u    56.687u    53.431u   
 4.38       69.668u    64.509u    60.398u    56.82u     53.569u   
 4.39       69.781u    64.629u    60.524u    56.952u    53.706u   
 4.4        69.895u    64.75u     60.65u     57.083u    53.843u   
 4.41       70.008u    64.869u    60.775u    57.214u    53.98u    
 4.42       70.121u    64.989u    60.9u      57.344u    54.115u   
 4.43       70.233u    65.108u    61.025u    57.474u    54.251u   
 4.44       70.345u    65.227u    61.149u    57.603u    54.386u   
 4.45       70.457u    65.345u    61.273u    57.732u    54.52u    
 4.46       70.568u    65.463u    61.396u    57.861u    54.654u   
 4.47       70.679u    65.58u     61.519u    57.989u    54.787u   
 4.48       70.789u    65.697u    61.641u    58.116u    54.92u    
 4.49       70.9u      65.814u    61.763u    58.243u    55.052u   
 4.5        71.009u    65.93u     61.884u    58.37u     55.184u   
 4.51       71.119u    66.046u    62.006u    58.496u    55.315u   
 4.52       71.228u    66.162u    62.126u    58.622u    55.446u   
 4.53       71.337u    66.277u    62.246u    58.747u    55.576u   
 4.54       71.445u    66.392u    62.366u    58.871u    55.706u   
 4.55       71.553u    66.506u    62.486u    58.996u    55.835u   
 4.56       71.661u    66.62u     62.605u    59.119u    55.964u   
 4.57       71.768u    66.733u    62.723u    59.243u    56.092u   
 4.58       71.875u    66.847u    62.841u    59.366u    56.22u    
 4.59       71.982u    66.959u    62.959u    59.488u    56.347u   
 4.6        72.088u    67.072u    63.076u    59.61u     56.474u   
 4.61       72.194u    67.184u    63.193u    59.732u    56.6u     
 4.62       72.299u    67.295u    63.309u    59.853u    56.726u   
 4.63       72.405u    67.407u    63.425u    59.973u    56.851u   
 4.64       72.51u     67.517u    63.541u    60.093u    56.976u   
 4.65       72.614u    67.628u    63.656u    60.213u    57.101u   
 4.66       72.718u    67.738u    63.771u    60.332u    57.224u   
 4.67       72.822u    67.848u    63.885u    60.451u    57.348u   
 4.68       72.926u    67.957u    63.999u    60.569u    57.471u   
 4.69       73.029u    68.066u    64.112u    60.687u    57.593u   
 4.7        73.131u    68.174u    64.225u    60.805u    57.715u   
 4.71       73.234u    68.283u    64.338u    60.922u    57.836u   
 4.72       73.336u    68.39u     64.45u     61.038u    57.957u   
 4.73       73.438u    68.498u    64.562u    61.154u    58.078u   
 4.74       73.539u    68.605u    64.674u    61.27u     58.198u   
 4.75       73.64u     68.711u    64.785u    61.385u    58.317u   
 4.76       73.741u    68.818u    64.895u    61.5u      58.436u   
 4.77       73.841u    68.923u    65.005u    61.614u    58.555u   
 4.78       73.941u    69.029u    65.115u    61.728u    58.673u   
 4.79       74.041u    69.134u    65.225u    61.842u    58.79u    
 4.8        74.14u     69.239u    65.333u    61.955u    58.907u   
 4.81       74.239u    69.343u    65.442u    62.067u    59.024u   
 4.82       74.338u    69.447u    65.55u     62.179u    59.14u    
 4.83       74.436u    69.551u    65.658u    62.291u    59.256u   
 4.84       74.534u    69.654u    65.765u    62.402u    59.371u   
 4.85       74.632u    69.757u    65.872u    62.513u    59.486u   
 4.86       74.729u    69.86u     65.979u    62.623u    59.6u     
 4.87       74.826u    69.962u    66.085u    62.733u    59.714u   
 4.88       74.923u    70.064u    66.191u    62.843u    59.827u   
 4.89       75.019u    70.165u    66.296u    62.952u    59.94u    
 4.9        75.115u    70.266u    66.401u    63.061u    60.052u   
 4.91       75.211u    70.367u    66.506u    63.169u    60.164u   
 4.92       75.306u    70.467u    66.61u     63.277u    60.276u   
 4.93       75.401u    70.567u    66.713u    63.384u    60.387u   
 4.94       75.496u    70.667u    66.817u    63.491u    60.497u   
 4.95       75.59u     70.766u    66.92u     63.597u    60.608u   
 4.96       75.684u    70.865u    67.022u    63.704u    60.717u   
 4.97       75.778u    70.963u    67.125u    63.809u    60.826u   
 4.98       75.871u    71.062u    67.226u    63.915u    60.935u   
 4.99       75.964u    71.159u    67.328u    64.019u    61.044u   
 5.         76.057u    71.257u    67.429u    64.124u    61.151u   
