pmos p gate 
#           v(2)       v(3)       v(4)       iter(0)   
 300.15    -3.3927    -5.         0.         7.        
#           i(Vds)     i(Vbs)     ps(Vds)    ps(Vbs)   
 300.15     16.073u   -3.4027p    80.367u    0.        
#           id(M1)     vgs(M1)    vds(M1)    vbs(M1)    vth(M1)    vdsat(M1) 
 300.15    -16.073u   -3.3927    -3.3927    -34.03E-18 -2.0417    -0.71372   
#           gm(M1)     gds(M1)    gmb(M1)    cbd(M1)    cbs(M1)   
 300.15     20.736u    356.33n    11.549u    0.         0.        
#           cgsovl(M1) cgdovl(M1) cgbovl(M1) cgate(M1)  region(M1)
 300.15     186.5E-18  0.         0.         1.8647f    3.        
#           cgs(M1)    cgd(M1)    cgb(M1)    vgst(M1)   von(M1)   
 300.15     0.         0.         1.8647f    1.351      2.0417    
#           cgst(M1)   cgdt(M1)   cgbt(M1)   is(M1)     ig(M1)     ib(M1)    
 300.15     186.5E-18  0.         1.8647f    16.073u    0.        -3.4027p   
#           p(M1)      pd(M1)     ps(M1)     ids(M1)    idstray(M1 iderror(M1
 300.15     54.532u    54.532u    0.         16.073u    3.4027p    ??        
#           vdm(M1)    vgm(M1)    vbm(M1)    vsm(M1)   
 300.15    -1.6963    -1.6963     1.6963     1.6963    
#           vd(M1)     vg(M1)     vb(M1)     vs(M1)    
 300.15    -3.3927    -3.3927    -34.03E-18  0.        
