nmos n gate, vds = 0 
cmosn: rsh - rs - rd conflict: using rsh
cmosn: is - js conflict
#           v(1)       v(2)       v(3)       v(4)       iter(0)   
 300.15     3.2367     0.         0.         0.         5.        
#           i(Vgs)     i(Vds)     i(Vbs)     ps(Vgs)    ps(Vds)    ps(Vbs)   
 300.15     0.         0.         0.         0.         0.         0.        
#           id(M1)     vgs(M1)    vds(M1)    vbs(M1)    vth(M1)    vdsat(M1) 
 300.15     0.         3.2367     0.         0.         0.84435    2.3924    
#           gm(M1)     gds(M1)    gmb(M1)    cbd(M1)    cbs(M1)   
 300.15     0.         105.74u    0.         0.         0.        
#           cgsovl(M1) cgdovl(M1) cgbovl(M1) cgate(M1)  region(M1)
 300.15     1.9707f    1.9707f    0.         62.973f    3.        
#           cgs(M1)    cgd(M1)    cgb(M1)    vgst(M1)   von(M1)   
 300.15     31.487f    31.487f    0.         2.3924     0.84435   
#           cgst(M1)   cgdt(M1)   cgbt(M1)   is(M1)     ig(M1)     ib(M1)    
 300.15     33.457f    33.457f    0.         0.         0.         0.        
#           p(M1)      pd(M1)     ps(M1)     ids(M1)    idstray(M1 iderror(M1
 300.15     0.         0.         0.         0.         0.         ??        
#           vdm(M1)    vgm(M1)    vbm(M1)    vsm(M1)   
 300.15     0.         3.2367     0.         0.        
#           vd(M1)     vg(M1)     vb(M1)     vs(M1)    
 300.15     0.         3.2367     0.         0.        
