pmos p gate 
#           v(1)       v(2)       v(3)       v(4)       iter(0)   
 300.15    -3.2367     0.0099998  0.01       1.2349     4.        
#           i(Vgs)     i(Vds)     i(Vbs)     ps(Vgs)    ps(Vds)    ps(Vbs)   
 300.15     0.        -174.58n    0.         0.         1.7458n    0.        
#           id(M1)     vgs(M1)    vds(M1)    vbs(M1)    vth(M1)    vdsat(M1) 
 300.15     174.58n   -3.2367     0.0099998  1.2349    -2.6218    -0.45541   
#           gm(M1)     gds(M1)    gmb(M1)    cbd(M1)    cbs(M1)   
 300.15     271.53n    17.254u    99.16n     0.         0.        
#           cgsovl(M1) cgdovl(M1) cgbovl(M1) cgate(M1)  region(M1)
 300.15     186.5E-18  186.5E-18  0.         1.8647f   -3.        
#           cgs(M1)    cgd(M1)    cgb(M1)    vgst(M1)   von(M1)   
 300.15     466.4E-18  0.         1.8647f    0.62492    2.6218    
#           cgst(M1)   cgdt(M1)   cgbt(M1)   is(M1)     ig(M1)     ib(M1)    
 300.15     652.9E-18  186.5E-18  1.8647f   -174.58n    0.        -2.4798p   
#           p(M1)      pd(M1)     ps(M1)     ids(M1)    idstray(M1 iderror(M1
 300.15     1.7488n    1.7488n    0.         174.58n    1.2349p    ??        
#           vdm(M1)    vgm(M1)    vbm(M1)    vsm(M1)   
 300.15     0.0049999 -3.2417     1.2299    -0.0049999 
#           vd(M1)     vg(M1)     vb(M1)     vs(M1)    
 300.15     0.0099998 -3.2367     1.2349     0.        
