Test of MOS BSIM1 implementation; DC transfer curve 
#           I(V1)      I(V2)      I(V3)      I(V4)      I(V5)     
 0.         0.         0.         0.         0.         0.        
 0.01       0.         0.         0.         0.         0.        
 0.02       0.         0.         0.         0.         0.        
 0.03       0.         0.         0.         0.         0.        
 0.04       0.         0.         0.         0.         0.        
 0.05       0.         0.         0.         0.         0.        
 0.06       0.         0.         0.         0.         0.        
 0.07       0.         0.         0.         0.         0.        
 0.08       0.         0.         0.         0.         0.        
 0.09       0.         0.         0.         0.         0.        
 0.1        0.         0.         0.         0.         0.        
 0.11       0.         0.         0.         0.         0.        
 0.12       0.         0.         0.         0.         0.        
 0.13       0.         0.         0.         0.         0.        
 0.14       0.         0.         0.         0.         0.        
 0.15       0.         0.         0.         0.         0.        
 0.16       0.         0.         0.         0.         0.        
 0.17       0.         0.         0.         0.         0.        
 0.18       0.         0.         0.         0.         0.        
 0.19       0.         0.         0.         0.         0.        
 0.2        0.         0.         0.         0.         0.        
 0.21       0.         0.         0.         0.         0.        
 0.22       0.         0.         0.         0.         0.        
 0.23       0.         0.         0.         0.         0.        
 0.24       0.         0.         0.         0.         0.        
 0.25       0.         0.         0.         0.         0.        
 0.26       0.         0.         0.         0.         0.        
 0.27       0.         0.         0.         0.         0.        
 0.28       0.         0.         0.         0.         0.        
 0.29       0.         0.         0.         0.         0.        
 0.3        0.         0.         0.         0.         0.        
 0.31       0.         0.         0.         0.         0.        
 0.32       0.         0.         0.         0.         0.        
 0.33       0.         0.         0.         0.         0.        
 0.34       0.         0.         0.         0.         0.        
 0.35       0.         0.         0.         0.         0.        
 0.36       0.         0.         0.         0.         0.        
 0.37       0.         0.         0.         0.         0.        
 0.38       0.         0.         0.         0.         0.        
 0.39       0.         0.         0.         0.         0.        
 0.4        0.         0.         0.         0.         0.        
 0.41       0.         0.         0.         0.         0.        
 0.42       0.         0.         0.         0.         0.        
 0.43       0.         0.         0.         0.         0.        
 0.44       0.         0.         0.         0.         0.        
 0.45       0.         0.         0.         0.         0.        
 0.46       0.         0.         0.         0.         0.        
 0.47       0.         0.         0.         0.         0.        
 0.48       0.         0.         0.         0.         0.        
 0.49       0.         0.         0.         0.         0.        
 0.5        0.         0.         0.         0.         0.        
 0.51       0.         0.         0.         0.         0.        
 0.52       0.         0.         0.         0.         0.        
 0.53       571.76p    0.         0.         0.         0.        
 0.54       732.75p    0.         0.         0.         0.        
 0.55       940.22p    0.         0.         0.         0.        
 0.56       1.206n     0.         0.         0.         0.        
 0.57       1.5474n    0.         0.         0.         0.        
 0.58       1.9852n    0.         0.         0.         0.        
 0.59       2.5452n    0.         0.         0.         0.        
 0.6        3.2641n    0.         0.         0.         0.        
 0.61       4.1842n    0.         0.         0.         0.        
 0.62       5.3638n    0.         0.         0.         0.        
 0.63       6.873n     0.         0.         0.         0.        
 0.64       8.8027n    0.         0.         0.         0.        
 0.65       11.268n    0.         0.         0.         0.        
 0.66       14.414n    0.         0.         0.         0.        
 0.67       18.423n    0.         0.         0.         0.        
 0.68       23.517n    0.         0.         0.         0.        
 0.69       29.98n     0.         0.         0.         0.        
 0.7        38.148n    0.         0.         0.         0.        
 0.71       48.429n    0.         0.         0.         0.        
 0.72       61.304n    0.         0.         0.         0.        
 0.73       77.321n    0.         0.         0.         0.        
 0.74       97.09n     0.         0.         0.         0.        
 0.75       121.24n    0.         0.         0.         0.        
 0.76       150.4n     0.         0.         0.         0.        
 0.77       185.09n    0.         0.         0.         0.        
 0.78       225.63n    0.         0.         0.         0.        
 0.79       272.09n    0.         0.         0.         0.        
 0.8        324.07n    0.         0.         0.         0.        
 0.81       380.77n    0.         0.         0.         0.        
 0.82       440.88n    0.         0.         0.         0.        
 0.83       502.74n    0.         0.         0.         0.        
 0.84       567.49n    0.         0.         0.         0.        
 0.85       650.55n    0.         0.         0.         0.        
 0.86       752.97n    0.         0.         0.         0.        
 0.87       873.46n    0.         0.         0.         0.        
 0.88       1.0112u    0.         0.         0.         0.        
 0.89       1.1659u    0.         0.         0.         0.        
 0.9        1.3376u    0.         0.         0.         0.        
 0.91       1.5254u    0.         0.         0.         0.        
 0.92       1.7131u    0.         0.         0.         0.        
 0.93       1.8962u    0.         0.         0.         0.        
 0.94       2.0755u    0.         0.         0.         0.        
 0.95       2.2514u    0.         0.         0.         0.        
 0.96       2.4247u    0.         0.         0.         0.        
 0.97       2.5956u    0.         0.         0.         0.        
 0.98       2.7646u    506.54p    0.         0.         0.        
 0.99       2.9321u    659.19p    0.         0.         0.        
 1.         3.0983u    858.34p    0.         0.         0.        
 1.01       3.2634u    1.1179n    0.         0.         0.        
 1.02       3.4277u    1.4565n    0.         0.         0.        
 1.03       3.5912u    1.8964n    0.         0.         0.        
 1.04       3.754u     2.4702n    0.         0.         0.        
 1.05       3.9163u    3.2162n    0.         0.         0.        
 1.06       4.0782u    4.1869n    0.         0.         0.        
 1.07       4.2396u    5.4491n    0.         0.         0.        
 1.08       4.4006u    7.0888n    0.         0.         0.        
 1.09       4.5613u    9.2176n    0.         0.         0.        
 1.1        4.7216u    11.979n    0.         0.         0.        
 1.11       4.8817u    15.554n    0.         0.         0.        
 1.12       5.0414u    20.173n    0.         0.         0.        
 1.13       5.2009u    26.129n    0.         0.         0.        
 1.14       5.3601u    33.781n    0.         0.         0.        
 1.15       5.5191u    43.574n    0.         0.         0.        
 1.16       5.6779u    56.041n    0.         0.         0.        
 1.17       5.8363u    71.807n    0.         0.         0.        
 1.18       5.9946u    91.574n    0.         0.         0.        
 1.19       6.1526u    116.1n     0.         0.         0.        
 1.2        6.3104u    146.13n    0.         0.         0.        
 1.21       6.4679u    182.32n    0.         0.         0.        
 1.22       6.6253u    225.09n    0.         0.         0.        
 1.23       6.7824u    274.52n    0.         0.         0.        
 1.24       6.9392u    330.15n    0.         0.         0.        
 1.25       7.0959u    390.95n    0.         0.         0.        
 1.26       7.2523u    455.29n    0.         0.         0.        
 1.27       7.4085u    521.1n     0.         0.         0.        
 1.28       7.5645u    594.34n    505.85p    0.         0.        
 1.29       7.7203u    688.6n     670.3p     0.         0.        
 1.3        7.8758u    802.43n    888.18p    0.         0.        
 1.31       8.0311u    934.57n    1.1761n    0.         0.        
 1.32       8.1862u    1.0844u    1.5578n    0.         0.        
 1.33       8.3411u    1.2517u    2.0636n    0.         0.        
 1.34       8.4958u    1.4366u    2.7346n    0.         0.        
 1.35       8.6502u    1.6254u    3.6214n    0.         0.        
 1.36       8.8045u    1.809u     4.7969n    0.         0.        
 1.37       8.9585u    1.988u     6.3498n    0.         0.        
 1.38       9.1123u    2.1634u    8.4023n    0.         0.        
 1.39       9.2659u    2.3357u    11.111n    0.         0.        
 1.4        9.4193u    2.5054u    14.679n    0.         0.        
 1.41       9.5724u    2.6731u    19.372n    0.         0.        
 1.42       9.7254u    2.8391u    25.525n    0.         0.        
 1.43       9.8781u    3.0038u    33.567n    0.         0.        
 1.44       10.031u    3.1673u    44.027n    0.         0.        
 1.45       10.183u    3.33u      57.551n    0.         0.        
 1.46       10.335u    3.4918u    74.903n    0.         0.        
 1.47       10.487u    3.6531u    96.945n    0.         0.        
 1.48       10.639u    3.8138u    124.6n     0.         0.        
 1.49       10.79u     3.974u     158.74n    0.         0.        
 1.5        10.941u    4.1338u    200.1n     0.         0.        
 1.51       11.092u    4.2933u    249.02n    577.32p    0.        
 1.52       11.243u    4.4524u    305.31n    779.93p    0.        
 1.53       11.394u    4.6112u    368.06n    1.0526n    0.        
 1.54       11.544u    4.7697u    435.57n    1.4225n    0.        
 1.55       11.694u    4.9279u    505.51n    1.9228n    0.        
 1.56       11.844u    5.0859u    579.8n     2.5979n    0.        
 1.57       11.994u    5.2436u    674.15n    3.5104n    0.        
 1.58       12.144u    5.4011u    788.18n    4.7407n    0.        
 1.59       12.293u    5.5583u    920.32n    6.4004n    0.        
 1.6        12.442u    5.7153u    1.0698u    8.6375n    0.        
 1.61       12.591u    5.8721u    1.2364u    11.646n    0.        
 1.62       12.74u     6.0286u    1.4204u    15.688n    0.        
 1.63       12.889u    6.1849u    1.6078u    21.1n      0.        
 1.64       13.037u    6.341u     1.7896u    28.329n    0.        
 1.65       13.185u    6.4969u    1.9666u    37.937n    0.        
 1.66       13.333u    6.6525u    2.1397u    50.633n    0.        
 1.67       13.481u    6.8079u    2.3096u    67.28n     0.        
 1.68       13.628u    6.9631u    2.4771u    88.884n    0.        
 1.69       13.776u    7.1181u    2.6425u    116.56n    593.97p   
 1.7        13.923u    7.2729u    2.8063u    151.41n    819.48p   
 1.71       14.07u     7.4274u    2.9689u    194.37n    1.1324n   
 1.72       14.216u    7.5817u    3.1303u    245.97n    1.5647n   
 1.73       14.363u    7.7358u    3.291u     306.04n    2.1622n   
 1.74       14.509u    7.8897u    3.4509u    373.48n    2.9886n   
 1.75       14.655u    8.0434u    3.6103u    446.18n    4.1293n   
 1.76       14.801u    8.1969u    3.7691u    521.18n    5.7052n   
 1.77       14.947u    8.3501u    3.9276u    604.14n    7.8756n   
 1.78       15.093u    8.5031u    4.0856u    707.78n    10.865n   
 1.79       15.238u    8.656u     4.2434u    829.9n     14.971n   
 1.8        15.383u    8.8086u    4.4008u    968.95n    20.598n   
 1.81       15.528u    8.961u     4.5579u    1.1244u    28.279n   
 1.82       15.673u    9.1131u    4.7147u    1.2964u    38.711n   
 1.83       15.817u    9.2651u    4.8713u    1.4828u    52.783n   
 1.84       15.962u    9.4169u    5.0277u    1.6659u    71.586n   
 1.85       16.106u    9.5684u    5.1837u    1.8433u    96.403n   
 1.86       16.25u     9.7198u    5.3396u    2.0162u    128.63n   
 1.87       16.393u    9.8709u    5.4952u    2.1854u    169.59n   
 1.88       16.537u    10.022u    5.6506u    2.3518u    220.28n   
 1.89       16.68u     10.173u    5.8058u    2.5159u    280.98n   
 1.9        16.824u    10.323u    5.9608u    2.6783u    350.83n   
 1.91       16.966u    10.473u    6.1155u    2.8393u    427.67n   
 1.92       17.109u    10.623u    6.27u      2.9993u    508.09n   
 1.93       17.252u    10.773u    6.4243u    3.1583u    594.09n   
 1.94       17.394u    10.923u    6.5784u    3.3167u    699.73n   
 1.95       17.537u    11.072u    6.7323u    3.4744u    823.03n   
 1.96       17.679u    11.222u    6.8859u    3.6317u    962.09n   
 1.97       17.82u     11.371u    7.0393u    3.7886u    1.1163u   
 1.98       17.962u    11.52u     7.1926u    3.9451u    1.2861u   
 1.99       18.103u    11.668u    7.3456u    4.1013u    1.4702u   
 2.         18.245u    11.817u    7.4983u    4.2572u    1.6509u   
 2.01       18.386u    11.965u    7.6509u    4.4128u    1.8258u   
 2.02       18.527u    12.113u    7.8033u    4.5681u    1.996u    
 2.03       18.667u    12.261u    7.9554u    4.7232u    2.1625u   
 2.04       18.808u    12.408u    8.1074u    4.878u     2.3263u   
 2.05       18.948u    12.556u    8.2591u    5.0327u    2.4879u   
 2.06       19.088u    12.703u    8.4106u    5.187u     2.6479u   
 2.07       19.228u    12.85u     8.5619u    5.3412u    2.8066u   
 2.08       19.368u    12.997u    8.713u     5.4951u    2.9644u   
 2.09       19.508u    13.143u    8.8639u    5.6489u    3.1214u   
 2.1        19.647u    13.29u     9.0146u    5.8024u    3.2778u   
 2.11       19.786u    13.436u    9.1651u    5.9556u    3.4337u   
 2.12       19.925u    13.582u    9.3154u    6.1087u    3.5891u   
 2.13       20.064u    13.728u    9.4654u    6.2616u    3.7442u   
 2.14       20.203u    13.874u    9.6153u    6.4142u    3.899u    
 2.15       20.341u    14.019u    9.7649u    6.5666u    4.0534u   
 2.16       20.479u    14.164u    9.9144u    6.7188u    4.2076u   
 2.17       20.617u    14.309u    10.064u    6.8708u    4.3615u   
 2.18       20.755u    14.454u    10.213u    7.0226u    4.5152u   
 2.19       20.893u    14.599u    10.361u    7.1742u    4.6686u   
 2.2        21.031u    14.743u    10.51u     7.3256u    4.8219u   
 2.21       21.168u    14.887u    10.658u    7.4768u    4.9749u   
 2.22       21.305u    15.031u    10.807u    7.6277u    5.1276u   
 2.23       21.442u    15.175u    10.955u    7.7785u    5.2802u   
 2.24       21.579u    15.319u    11.103u    7.929u     5.4325u   
 2.25       21.716u    15.462u    11.25u     8.0793u    5.5846u   
 2.26       21.852u    15.606u    11.398u    8.2294u    5.7366u   
 2.27       21.988u    15.749u    11.545u    8.3794u    5.8883u   
 2.28       22.124u    15.892u    11.692u    8.5291u    6.0397u   
 2.29       22.26u     16.034u    11.839u    8.6786u    6.191u    
 2.3        22.396u    16.177u    11.985u    8.8279u    6.3421u   
 2.31       22.532u    16.319u    12.132u    8.977u     6.4929u   
 2.32       22.667u    16.461u    12.278u    9.1258u    6.6436u   
 2.33       22.802u    16.603u    12.424u    9.2745u    6.794u    
 2.34       22.937u    16.745u    12.57u     9.423u     6.9443u   
 2.35       23.072u    16.887u    12.715u    9.5713u    7.0943u   
 2.36       23.207u    17.028u    12.861u    9.7194u    7.2441u   
 2.37       23.341u    17.169u    13.006u    9.8672u    7.3938u   
 2.38       23.476u    17.31u     13.151u    10.015u    7.5432u   
 2.39       23.61u     17.451u    13.296u    10.162u    7.6924u   
 2.4        23.744u    17.591u    13.44u     10.31u     7.8414u   
 2.41       23.877u    17.732u    13.585u    10.457u    7.9902u   
 2.42       24.011u    17.872u    13.729u    10.604u    8.1388u   
 2.43       24.145u    18.012u    13.873u    10.75u     8.2872u   
 2.44       24.278u    18.152u    14.017u    10.897u    8.4354u   
 2.45       24.411u    18.292u    14.16u     11.043u    8.5833u   
 2.46       24.544u    18.431u    14.304u    11.189u    8.7311u   
 2.47       24.677u    18.57u     14.447u    11.335u    8.8787u   
 2.48       24.809u    18.709u    14.59u     11.481u    9.0261u   
 2.49       24.942u    18.848u    14.733u    11.626u    9.1733u   
 2.5        25.074u    18.987u    14.876u    11.771u    9.3202u   
 2.51       25.206u    19.126u    15.018u    11.916u    9.467u    
 2.52       25.338u    19.264u    15.16u     12.061u    9.6136u   
 2.53       25.469u    19.402u    15.303u    12.206u    9.76u     
 2.54       25.601u    19.54u     15.444u    12.35u     9.9062u   
 2.55       25.732u    19.678u    15.586u    12.495u    10.052u   
 2.56       25.864u    19.816u    15.728u    12.639u    10.198u   
 2.57       25.995u    19.953u    15.869u    12.783u    10.344u   
 2.58       26.126u    20.09u     16.01u     12.926u    10.489u   
 2.59       26.256u    20.228u    16.151u    13.07u     10.634u   
 2.6        26.387u    20.364u    16.292u    13.213u    10.779u   
 2.61       26.517u    20.501u    16.433u    13.356u    10.924u   
 2.62       26.647u    20.638u    16.573u    13.499u    11.069u   
 2.63       26.777u    20.774u    16.713u    13.642u    11.213u   
 2.64       26.907u    20.91u     16.853u    13.785u    11.357u   
 2.65       27.037u    21.046u    16.993u    13.927u    11.501u   
 2.66       27.166u    21.182u    17.133u    14.069u    11.645u   
 2.67       27.296u    21.318u    17.272u    14.211u    11.789u   
 2.68       27.425u    21.453u    17.411u    14.353u    11.932u   
 2.69       27.554u    21.589u    17.551u    14.495u    12.075u   
 2.7        27.683u    21.724u    17.689u    14.636u    12.218u   
 2.71       27.812u    21.859u    17.828u    14.777u    12.361u   
 2.72       27.94u     21.993u    17.967u    14.918u    12.504u   
 2.73       28.068u    22.128u    18.105u    15.059u    12.646u   
 2.74       28.197u    22.262u    18.243u    15.2u      12.789u   
 2.75       28.325u    22.397u    18.381u    15.34u     12.931u   
 2.76       28.453u    22.531u    18.519u    15.481u    13.073u   
 2.77       28.58u     22.665u    18.657u    15.621u    13.214u   
 2.78       28.708u    22.798u    18.794u    15.761u    13.356u   
 2.79       28.835u    22.932u    18.931u    15.9u      13.497u   
 2.8        28.962u    23.065u    19.069u    16.04u     13.638u   
 2.81       29.089u    23.198u    19.205u    16.179u    13.779u   
 2.82       29.216u    23.331u    19.342u    16.318u    13.92u    
 2.83       29.343u    23.464u    19.479u    16.457u    14.061u   
 2.84       29.47u     23.597u    19.615u    16.596u    14.201u   
 2.85       29.596u    23.729u    19.751u    16.735u    14.341u   
 2.86       29.722u    23.862u    19.887u    16.873u    14.481u   
 2.87       29.848u    23.994u    20.023u    17.011u    14.621u   
 2.88       29.974u    24.126u    20.159u    17.15u     14.761u   
 2.89       30.1u      24.258u    20.294u    17.287u    14.9u     
 2.9        30.226u    24.389u    20.43u     17.425u    15.04u    
 2.91       30.351u    24.521u    20.565u    17.563u    15.179u   
 2.92       30.477u    24.652u    20.7u      17.7u      15.318u   
 2.93       30.602u    24.783u    20.834u    17.837u    15.456u   
 2.94       30.727u    24.914u    20.969u    17.974u    15.595u   
 2.95       30.851u    25.045u    21.103u    18.111u    15.733u   
 2.96       30.976u    25.176u    21.238u    18.248u    15.872u   
 2.97       31.101u    25.306u    21.372u    18.384u    16.01u    
 2.98       31.225u    25.436u    21.506u    18.52u     16.147u   
 2.99       31.349u    25.567u    21.639u    18.656u    16.285u   
 3.         31.473u    25.696u    21.773u    18.792u    16.423u   
 3.01       31.597u    25.826u    21.906u    18.928u    16.56u    
 3.02       31.721u    25.956u    22.039u    19.063u    16.697u   
 3.03       31.844u    26.085u    22.172u    19.199u    16.834u   
 3.04       31.968u    26.215u    22.305u    19.334u    16.971u   
 3.05       32.091u    26.344u    22.438u    19.469u    17.107u   
 3.06       32.214u    26.473u    22.57u     19.604u    17.243u   
 3.07       32.337u    26.602u    22.703u    19.739u    17.38u    
 3.08       32.46u     26.73u     22.835u    19.873u    17.516u   
 3.09       32.583u    26.859u    22.967u    20.007u    17.652u   
 3.1        32.705u    26.987u    23.099u    20.142u    17.787u   
 3.11       32.827u    27.115u    23.23u     20.275u    17.923u   
 3.12       32.95u     27.243u    23.362u    20.409u    18.058u   
 3.13       33.072u    27.371u    23.493u    20.543u    18.193u   
 3.14       33.194u    27.498u    23.624u    20.676u    18.328u   
 3.15       33.315u    27.626u    23.755u    20.81u     18.463u   
 3.16       33.437u    27.753u    23.886u    20.943u    18.597u   
 3.17       33.558u    27.88u     24.017u    21.076u    18.732u   
 3.18       33.68u     28.007u    24.147u    21.208u    18.866u   
 3.19       33.801u    28.134u    24.277u    21.341u    19.u      
 3.2        33.922u    28.261u    24.408u    21.473u    19.134u   
 3.21       34.043u    28.387u    24.538u    21.606u    19.268u   
 3.22       34.163u    28.514u    24.667u    21.738u    19.401u   
 3.23       34.284u    28.64u     24.797u    21.87u     19.535u   
 3.24       34.404u    28.766u    24.926u    22.001u    19.668u   
 3.25       34.524u    28.892u    25.056u    22.133u    19.801u   
 3.26       34.644u    29.018u    25.185u    22.264u    19.934u   
 3.27       34.764u    29.143u    25.314u    22.395u    20.067u   
 3.28       34.884u    29.269u    25.443u    22.526u    20.199u   
 3.29       35.004u    29.394u    25.571u    22.657u    20.332u   
 3.3        35.123u    29.519u    25.7u      22.788u    20.464u   
 3.31       35.243u    29.644u    25.828u    22.919u    20.596u   
 3.32       35.362u    29.769u    25.956u    23.049u    20.728u   
 3.33       35.481u    29.893u    26.084u    23.179u    20.859u   
 3.34       35.6u      30.018u    26.212u    23.309u    20.991u   
 3.35       35.718u    30.142u    26.34u     23.439u    21.122u   
 3.36       35.837u    30.266u    26.467u    23.569u    21.253u   
 3.37       35.956u    30.39u     26.594u    23.698u    21.384u   
 3.38       36.074u    30.514u    26.722u    23.828u    21.515u   
 3.39       36.192u    30.638u    26.849u    23.957u    21.646u   
 3.4        36.31u     30.761u    26.975u    24.086u    21.776u   
 3.41       36.428u    30.885u    27.102u    24.215u    21.907u   
 3.42       36.546u    31.008u    27.229u    24.344u    22.037u   
 3.43       36.663u    31.131u    27.355u    24.472u    22.167u   
 3.44       36.781u    31.254u    27.481u    24.601u    22.297u   
 3.45       36.898u    31.376u    27.607u    24.729u    22.426u   
 3.46       37.015u    31.499u    27.733u    24.857u    22.556u   
 3.47       37.132u    31.621u    27.859u    24.985u    22.685u   
 3.48       37.249u    31.744u    27.984u    25.112u    22.814u   
 3.49       37.366u    31.866u    28.11u     25.24u     22.943u   
 3.5        37.482u    31.988u    28.235u    25.367u    23.072u   
 3.51       37.599u    32.11u     28.36u     25.495u    23.201u   
 3.52       37.715u    32.231u    28.485u    25.622u    23.329u   
 3.53       37.831u    32.353u    28.61u     25.749u    23.458u   
 3.54       37.947u    32.474u    28.735u    25.875u    23.586u   
 3.55       38.063u    32.596u    28.859u    26.002u    23.714u   
 3.56       38.179u    32.717u    28.983u    26.128u    23.842u   
 3.57       38.295u    32.838u    29.108u    26.255u    23.969u   
 3.58       38.41u     32.958u    29.232u    26.381u    24.097u   
 3.59       38.525u    33.079u    29.355u    26.507u    24.224u   
 3.6        38.64u     33.199u    29.479u    26.633u    24.351u   
 3.61       38.756u    33.32u     29.603u    26.758u    24.478u   
 3.62       38.87u     33.44u     29.726u    26.884u    24.605u   
 3.63       38.985u    33.56u     29.849u    27.009u    24.732u   
 3.64       39.1u      33.68u     29.972u    27.134u    24.859u   
 3.65       39.214u    33.8u      30.095u    27.259u    24.985u   
 3.66       39.329u    33.919u    30.218u    27.384u    25.111u   
 3.67       39.443u    34.039u    30.341u    27.509u    25.237u   
 3.68       39.557u    34.158u    30.463u    27.633u    25.363u   
 3.69       39.671u    34.277u    30.585u    27.758u    25.489u   
 3.7        39.785u    34.396u    30.707u    27.882u    25.615u   
 3.71       39.898u    34.515u    30.829u    28.006u    25.74u    
 3.72       40.012u    34.634u    30.951u    28.13u     25.865u   
 3.73       40.125u    34.752u    31.073u    28.254u    25.991u   
 3.74       40.238u    34.871u    31.195u    28.377u    26.116u   
 3.75       40.352u    34.989u    31.316u    28.501u    26.24u    
 3.76       40.465u    35.107u    31.437u    28.624u    26.365u   
 3.77       40.577u    35.225u    31.558u    28.747u    26.49u    
 3.78       40.69u     35.343u    31.679u    28.87u     26.614u   
 3.79       40.803u    35.46u     31.8u      28.993u    26.738u   
 3.8        40.915u    35.578u    31.921u    29.116u    26.862u   
 3.81       41.027u    35.695u    32.041u    29.238u    26.986u   
 3.82       41.14u     35.813u    32.161u    29.361u    27.11u    
 3.83       41.252u    35.93u     32.282u    29.483u    27.233u   
 3.84       41.363u    36.047u    32.402u    29.605u    27.357u   
 3.85       41.475u    36.164u    32.522u    29.727u    27.48u    
 3.86       41.587u    36.28u     32.641u    29.849u    27.603u   
 3.87       41.698u    36.397u    32.761u    29.971u    27.726u   
 3.88       41.81u     36.513u    32.88u     30.092u    27.849u   
 3.89       41.921u    36.629u    33.u       30.213u    27.972u   
 3.9        42.032u    36.746u    33.119u    30.334u    28.094u   
 3.91       42.143u    36.862u    33.238u    30.456u    28.216u   
 3.92       42.254u    36.977u    33.357u    30.576u    28.339u   
 3.93       42.365u    37.093u    33.476u    30.697u    28.461u   
 3.94       42.475u    37.209u    33.594u    30.818u    28.583u   
 3.95       42.586u    37.324u    33.713u    30.938u    28.704u   
 3.96       42.696u    37.439u    33.831u    31.058u    28.826u   
 3.97       42.806u    37.555u    33.949u    31.179u    28.947u   
 3.98       42.916u    37.67u     34.067u    31.299u    29.069u   
 3.99       43.026u    37.784u    34.185u    31.418u    29.19u    
 4.         43.136u    37.899u    34.303u    31.538u    29.311u   
 4.01       43.245u    38.014u    34.42u     31.658u    29.432u   
 4.02       43.355u    38.128u    34.538u    31.777u    29.552u   
 4.03       43.464u    38.242u    34.655u    31.896u    29.673u   
 4.04       43.574u    38.357u    34.772u    32.015u    29.793u   
 4.05       43.683u    38.471u    34.889u    32.134u    29.914u   
 4.06       43.792u    38.585u    35.006u    32.253u    30.034u   
 4.07       43.901u    38.698u    35.123u    32.372u    30.154u   
 4.08       44.009u    38.812u    35.239u    32.49u     30.273u   
 4.09       44.118u    38.925u    35.356u    32.609u    30.393u   
 4.1        44.227u    39.039u    35.472u    32.727u    30.513u   
 4.11       44.335u    39.152u    35.588u    32.845u    30.632u   
 4.12       44.443u    39.265u    35.704u    32.963u    30.751u   
 4.13       44.551u    39.378u    35.82u     33.081u    30.87u    
 4.14       44.659u    39.491u    35.936u    33.198u    30.989u   
 4.15       44.767u    39.603u    36.051u    33.316u    31.108u   
 4.16       44.875u    39.716u    36.167u    33.433u    31.227u   
 4.17       44.983u    39.828u    36.282u    33.55u     31.345u   
 4.18       45.09u     39.941u    36.397u    33.668u    31.464u   
 4.19       45.197u    40.053u    36.512u    33.784u    31.582u   
 4.2        45.305u    40.165u    36.627u    33.901u    31.7u     
 4.21       45.412u    40.277u    36.742u    34.018u    31.818u   
 4.22       45.519u    40.388u    36.856u    34.134u    31.936u   
 4.23       45.626u    40.5u      36.971u    34.251u    32.053u   
 4.24       45.732u    40.611u    37.085u    34.367u    32.171u   
 4.25       45.839u    40.723u    37.199u    34.483u    32.288u   
 4.26       45.945u    40.834u    37.313u    34.599u    32.405u   
 4.27       46.052u    40.945u    37.427u    34.715u    32.522u   
 4.28       46.158u    41.056u    37.541u    34.831u    32.639u   
 4.29       46.264u    41.167u    37.655u    34.946u    32.756u   
 4.3        46.37u     41.277u    37.768u    35.061u    32.873u   
 4.31       46.476u    41.388u    37.882u    35.177u    32.989u   
 4.32       46.582u    41.498u    37.995u    35.292u    33.105u   
 4.33       46.687u    41.609u    38.108u    35.407u    33.222u   
 4.34       46.793u    41.719u    38.221u    35.522u    33.338u   
 4.35       46.898u    41.829u    38.334u    35.636u    33.454u   
 4.36       47.003u    41.939u    38.446u    35.751u    33.569u   
 4.37       47.109u    42.049u    38.559u    35.865u    33.685u   
 4.38       47.214u    42.158u    38.671u    35.98u     33.801u   
 4.39       47.318u    42.268u    38.784u    36.094u    33.916u   
 4.4        47.423u    42.377u    38.896u    36.208u    34.031u   
 4.41       47.528u    42.486u    39.008u    36.322u    34.146u   
 4.42       47.632u    42.595u    39.12u     36.435u    34.261u   
 4.43       47.737u    42.704u    39.232u    36.549u    34.376u   
 4.44       47.841u    42.813u    39.343u    36.662u    34.491u   
 4.45       47.945u    42.922u    39.455u    36.776u    34.605u   
 4.46       48.049u    43.031u    39.566u    36.889u    34.72u    
 4.47       48.153u    43.139u    39.677u    37.002u    34.834u   
 4.48       48.257u    43.247u    39.788u    37.115u    34.948u   
 4.49       48.361u    43.356u    39.899u    37.228u    35.062u   
 4.5        48.464u    43.464u    40.01u     37.34u     35.176u   
 4.51       48.568u    43.572u    40.121u    37.453u    35.29u    
 4.52       48.671u    43.679u    40.232u    37.565u    35.403u   
 4.53       48.774u    43.787u    40.342u    37.677u    35.517u   
 4.54       48.877u    43.895u    40.452u    37.79u     35.63u    
 4.55       48.98u     44.002u    40.562u    37.902u    35.743u   
 4.56       49.083u    44.11u     40.672u    38.013u    35.856u   
 4.57       49.186u    44.217u    40.782u    38.125u    35.969u   
 4.58       49.288u    44.324u    40.892u    38.237u    36.082u   
 4.59       49.391u    44.431u    41.002u    38.348u    36.194u   
 4.6        49.493u    44.538u    41.111u    38.459u    36.307u   
 4.61       49.596u    44.644u    41.221u    38.571u    36.419u   
 4.62       49.698u    44.751u    41.33u     38.682u    36.532u   
 4.63       49.8u      44.857u    41.439u    38.793u    36.644u   
 4.64       49.902u    44.964u    41.548u    38.903u    36.756u   
 4.65       50.004u    45.07u     41.657u    39.014u    36.867u   
 4.66       50.105u    45.176u    41.766u    39.125u    36.979u   
 4.67       50.207u    45.282u    41.874u    39.235u    37.091u   
 4.68       50.308u    45.388u    41.983u    39.345u    37.202u   
 4.69       50.41u     45.494u    42.091u    39.455u    37.313u   
 4.7        50.511u    45.599u    42.2u      39.565u    37.425u   
 4.71       50.612u    45.705u    42.308u    39.675u    37.536u   
 4.72       50.713u    45.81u     42.416u    39.785u    37.647u   
 4.73       50.814u    45.915u    42.524u    39.895u    37.757u   
 4.74       50.915u    46.02u     42.631u    40.004u    37.868u   
 4.75       51.015u    46.125u    42.739u    40.114u    37.979u   
 4.76       51.116u    46.23u     42.846u    40.223u    38.089u   
 4.77       51.216u    46.335u    42.954u    40.332u    38.199u   
 4.78       51.316u    46.44u     43.061u    40.441u    38.309u   
 4.79       51.417u    46.544u    43.168u    40.55u     38.419u   
 4.8        51.517u    46.648u    43.275u    40.658u    38.529u   
 4.81       51.617u    46.753u    43.382u    40.767u    38.639u   
 4.82       51.717u    46.857u    43.489u    40.875u    38.749u   
 4.83       51.816u    46.961u    43.595u    40.984u    38.858u   
 4.84       51.916u    47.065u    43.702u    41.092u    38.967u   
 4.85       52.015u    47.169u    43.808u    41.2u      39.077u   
 4.86       52.115u    47.272u    43.915u    41.308u    39.186u   
 4.87       52.214u    47.376u    44.021u    41.416u    39.295u   
 4.88       52.313u    47.479u    44.127u    41.524u    39.403u   
 4.89       52.412u    47.583u    44.233u    41.631u    39.512u   
 4.9        52.511u    47.686u    44.338u    41.739u    39.621u   
 4.91       52.61u     47.789u    44.444u    41.846u    39.729u   
 4.92       52.709u    47.892u    44.549u    41.953u    39.838u   
 4.93       52.808u    47.995u    44.655u    42.06u     39.946u   
 4.94       52.906u    48.097u    44.76u     42.167u    40.054u   
 4.95       53.004u    48.2u      44.865u    42.274u    40.162u   
 4.96       53.103u    48.302u    44.97u     42.381u    40.27u    
 4.97       53.201u    48.405u    45.075u    42.487u    40.377u   
 4.98       53.299u    48.507u    45.18u     42.594u    40.485u   
 4.99       53.397u    48.609u    45.285u    42.7u      40.592u   
 5.         53.495u    48.711u    45.389u    42.806u    40.7u     
