nmos n gate, linear 
#           v(1)       v(2)       v(3)       iter(0)   
 300.15     3.2367     0.0099998  0.01       4.        
#           i(Vgs)     i(Vds)     ps(Vgs)    ps(Vds)   
 300.15     0.        -186.11n    0.         1.8611n   
#           id(M1)     is(M1)     ig(M1)     ib(M1)     ibs(M1)    ibd(M1)   
 300.15     186.11n   -186.11n    0.         13.866f    0.        -13.866f   
#           vgs(M1)    vds(M1)    vbs(M1)    vth(M1)    vdsat(M1) 
 300.15     3.2367     0.0099998  0.         0.         3.5982    
#           gmb(M1)    gm(M1)     gds(M1)    gbd(M1)    gbs(M1)   
 300.15     0.         28.79n     18.586u    1.3866p    0.        
#           cgs(M1)    cgd(M1)    cgb(M1)    cbd(M1)    cbs(M1)   
 300.15     13.998f    13.972f    0.         0.         0.        
#           cgsovl(M1) cgdovl(M1) cgbovl(M1) cgate(M1)  region(M1)
 300.15     0.         0.         0.         27.97f     3.        
#           cgst(M1)   cgdt(M1)   cgbt(M1)  
 300.15     13.998f    13.972f    0.        
#           p(M1)      pd(M1)     ps(M1)     ids(M1)    idstray(M1 iderror(M1
 300.15     1.8611n    1.8611n    0.         186.11n   -13.866f    ??        
#           vdm(M1)    vgm(M1)    vbm(M1)    vsm(M1)   
 300.15     0.0049999  3.2317    -0.0049999 -0.0049999 
#           vd(M1)     vg(M1)     vb(M1)     vs(M1)    
 300.15     0.0099998  3.2367     0.         0.        
#           v(1)       v(2)       v(3)       i(Vds)     i(Rds)    
-10.       -10.        0.01       0.01       0.        -23.866f   
-9.        -9.         0.01       0.01       0.        -23.866f   
-8.        -8.         0.01       0.01       0.        -23.866f   
-7.        -7.         0.01       0.01       0.        -23.866f   
-6.        -6.         0.01       0.01       0.        -23.866f   
-5.        -5.         0.01       0.01       0.        -23.866f   
-4.        -4.         0.01       0.01       0.        -23.866f   
-3.        -3.         0.01       0.01       0.        -23.866f   
-2.        -2.         0.01       0.01       0.        -23.866f   
-1.        -1.         0.01       0.01       0.        -23.866f   
 0.         0.         0.01       0.01       0.        -23.866f   
 1.         1.         0.0099999  0.01      -103.33n   -103.33n   
 2.         2.         0.0099999  0.01      -146.24n   -146.24n   
 3.         3.         0.0099998  0.01      -179.17n   -179.17n   
 4.         4.         0.0099998  0.01      -206.93n   -206.93n   
 5.         5.         0.0099998  0.01      -231.38n   -231.38n   
 6.         6.         0.0099997  0.01      -253.49n   -253.49n   
 7.         7.         0.0099997  0.01      -273.82n   -273.82n   
 8.         8.         0.0099997  0.01      -292.74n   -292.74n   
 9.         9.         0.0099997  0.01      -310.51n   -310.51n   
 10.        10.        0.0099997  0.01      -327.32n   -327.32n   
