nmos n gate, sub-threshold 
#           v(1)       v(2)       v(3)       v(4)       iter(0)   
 300.15     0.23673    5.         5.        -1.2349     5.        
#           i(Vgs)     i(Vds)     i(Vbs)     ps(Vgs)    ps(Vds)    ps(Vbs)   
 300.15     0.         0.         0.         0.         0.         0.        
#           id(M1)     vgs(M1)    vds(M1)    vbs(M1)    vth(M1)    vdsat(M1) 
 300.15    -6.0918p    0.23673    5.        -1.2349     2.2895     0.033285  
#           gm(M1)     gds(M1)    gmb(M1)    cbd(M1)    cbs(M1)   
 300.15     4.3532p    4.5608f    1.5504p    0.         0.        
#           cgsovl(M1) cgdovl(M1) cgbovl(M1) cgate(M1)  region(M1)
 300.15     1.8647f    1.8647f    0.         186.47f    3.        
#           cgs(M1)    cgd(M1)    cgb(M1)    vgst(M1)   von(M1)   
 300.15     0.         0.         186.47f    93.052n    2.2895    
#           cgst(M1)   cgdt(M1)   cgbt(M1)   is(M1)     ig(M1)     ib(M1)    
 300.15     1.8647f    1.8647f    186.47f   -1.3979p    0.         7.4897p   
#           p(M1)      pd(M1)     ps(M1)     ids(M1)    idstray(M1 iderror(M1
 300.15     41.239p    41.239p    0.         153.06f   -6.2449p    ??        
#           vdm(M1)    vgm(M1)    vbm(M1)    vsm(M1)   
 300.15     2.5       -2.2633    -3.7349    -2.5       
#           vd(M1)     vg(M1)     vb(M1)     vs(M1)    
 300.15     5.         0.23673   -1.2349     0.        
