nmos n gate, saturated, js specified (unreasonable value) default bulk cap 
cmosn: rsh - rs - rd conflict: using rsh
#           v(2)       v(3)       v(4)       iter(0)   
 300.15     2.1623     5.         677.f      8.        
#           i(Vds)     i(Vbs)     ps(Vds)    ps(Vbs)   
 300.15    -28.377u    67.72n     141.88u    0.        
#           id(M1)     vgs(M1)    vds(M1)    vbs(M1)    vth(M1)    vdsat(M1) 
 300.15     28.241u    2.1623     2.1623     677.2f     1.0461     0.94171   
#           gm(M1)     gds(M1)    gmb(M1)    cbd(M1)    cbs(M1)   
 300.15     43.247u    247.78n    17.726u    15.651f    31.136f   
#           cgsovl(M1) cgdovl(M1) cgbovl(M1) cgate(M1)  region(M1)
 300.15     1.9707f    0.         0.         62.973f    7.        
#           cgs(M1)    cgd(M1)    cgb(M1)    vgst(M1)   von(M1)   
 300.15     41.982f    0.         0.         1.1162     1.0461    
#           cgst(M1)   cgdt(M1)   cgbt(M1)   is(M1)     ig(M1)     ib(M1)    
 300.15     43.953f    0.         0.        -28.309u    0.         67.72n    
#           p(M1)      pd(M1)     ps(M1)     ids(M1)    idstray(M1 iderror(M1
 300.15     61.36u     61.36u     0.         28.309u   -67.72n     ??        
#           vdm(M1)    vgm(M1)    vbm(M1)    vsm(M1)   
 300.15     1.0812     1.0812    -1.0812    -1.0812    
#           vd(M1)     vg(M1)     vb(M1)     vs(M1)    
 300.15     2.1623     2.1623     677.2f     0.        
#           v(Ddb.M1)  i(Ddb.M1)  p(Ddb.M1)  cap(Ddb.M1 r(Ddb.M1)  region(Ddb
 300.15    -2.1623    -67.72n     146.43n    15.651f    31.93Meg  -1.        
#           v(Dsb.M1)  i(Dsb.M1)  p(Dsb.M1)  cap(Dsb.M1 r(Dsb.M1)  region(Dsb
 300.15     677.2f     21.E-21    0.         31.136f    31.93Meg   1.        
