testing foreach command 
(1 + 12)= 13.
(2 + 12)= 14.
(3 + 12)= 15.
(4 + 12)= 16.
(5 + 12)= 17.
