nmos n gate, saturated, js specified (unreasonable value) no bulk cap 
cmosn: rsh - rs - rd conflict: using rsh
#           v(2)       v(3)       v(4)       iter(0)   
 27.        2.1623     5.         677.f      7.        
#           i(Vds)     i(Vbs)     ps(Vds)    ps(Vbs)   
 27.       -28.377u    67.72n     141.88u    0.        
#           id(M1)     vgs(M1)    vds(M1)    vbs(M1)    vth(M1)    vdsat(M1) 
 27.        28.377u    2.1623     2.1623     677.2f     1.0461     0.94171   
#           gm(M1)     gds(M1)    gmb(M1)    cbd(M1)    cbs(M1)   
 27.        43.247u    247.78n    17.726u    0.         0.        
#           cgsovl(M1) cgdovl(M1) cgbovl(M1) cgate(M1)  region(M1)
 27.        1.9707f    0.         0.         62.973f    7.        
#           cgs(M1)    cgd(M1)    cgb(M1)    vgst(M1)   von(M1)   
 27.        41.982f    0.         0.         1.1162     1.0461    
#           cgst(M1)   cgdt(M1)   cgbt(M1)   is(M1)     ig(M1)     ib(M1)    
 27.        43.953f    0.         0.        -28.309u    0.         67.72n    
#           p(M1)      pd(M1)     ps(M1)     ids(M1)    idstray(M1) iderror(M1)
 27.        61.36u     61.36u     0.         28.309u   -67.72n     ??        
#           vdm(M1)    vgm(M1)    vbm(M1)    vsm(M1)   
 27.        1.0812     1.0812    -1.0812    -1.0812    
#           vd(M1)     vg(M1)     vb(M1)     vs(M1)    
 27.        2.1623     2.1623     677.2f     0.        
#           v(M1.Ddb)  i(M1.Ddb)  p(M1.Ddb)  cap(M1.Ddb) r(M1.Ddb)  region(M1.Ddb)
 27.       -2.1623    -67.72n     146.43n    0.         31.93Meg  -1.        
#           v(M1.Dsb)  i(M1.Dsb)  p(M1.Dsb)  cap(M1.Dsb) r(M1.Dsb)  region(M1.Dsb)
 27.        677.2f     21.E-21    0.         0.         31.93Meg   1.        
