# cccs test 
h9a: e9 cannot be used as current probe
