* nor-test 
U2: can't find subckt: CMOSnor2, forcing digital
U1: can't find subckt: CMOSnor2, forcing digital
#           V(V2)      V(V3)      V(U1)      V(U2)      logic(U2)  logic(U1) 
 0.         0.         10.        5.         0.         0.         3.        
 2.         2.         10.        5.         0.         0.         3.        
 4.         4.         10.        5.         0.         0.         2.        
 6.         6.         10.        0.         0.         0.         0.        
 8.         8.         10.        0.         0.         0.         0.        
 10.        10.        10.        0.         0.         0.         0.        
