pmos p gate 
cmosp: rsh - rs - rd conflict: using rsh
cmosp: is - js conflict
#           v(2)       v(3)       v(4)       iter(0)   
 0.         0.         0.         0.         0.        
-1.        -5.        -5.         0.         1.        
-2.        -3.7894    -5.         0.         2.        
-3.        -3.7894    -5.         0.         3.        
-4.        -3.7894    -5.         0.         4.        
 27.       -3.7894    -5.         0.         5.        
#           i(Vds)     i(Vbs)     ps(Vds)    ps(Vbs)   
 27.        12.106u    0.         60.53u     0.        
#           id(M1)     is(M1)     ig(M1)     ib(M1)     ibd(M1)    ibs(M1)   
 27.       -12.106u    12.106u    0.         0.         0.         0.        
#           vgs(M1)    vds(M1)    vbs(M1)    vbd(M1)    von(M1)    vdsat(M1) 
 27.       -3.7894    -3.7894     0.         3.7894     3.5155     1.0467    
#           gm(M1)     gds(M1)    gmb(M1)    gbd(M1)    gbs(M1)   
 27.        44.2u      0.         24.624u    0.         0.        
#           cbd(M1)    cbs(M1)    cgs(M1)    cgd(M1)    cgb(M1)   
 27.        0.         0.         41.982f    0.         0.        
#           cqgs(M1)   cqgd(M1)   cqgb(M1)   cqbd(M1)   cqbs(M1)  
 27.        ??         ??         0.         ??         ??        
#           qgs(M1)    qgd(M1)    qgb(M1)    qbd(M1)    qbs(M1)   
 27.        0.         0.         ??         0.         0.        
#           cgsovl(M1) cgdovl(M1) cgbovl(M1) cgate(M1)  region(M1)
 27.        1.9707f    0.         0.         62.973f    7.        
#           cgst(M1)   cgdt(M1)   cgbt(M1)  
 27.        43.953f    0.         0.        
#           vdm(M1)    vgm(M1)    vbm(M1)    vsm(M1)   
 27.       -1.8947    -1.8947     1.8947     1.8947    
#           vd(M1)     vg(M1)     vb(M1)     vs(M1)     vth(M1)    vgst(M1)  
 27.       -3.7894    -3.7894     0.         0.        -3.5155     0.27389   
