nmos n gate, saturated, isat of bulk diode == 0 
cmosn: rsh - rs - rd conflict: using rsh
cmosn: is - js conflict
#           v(2)       v(3)       v(4)       iter(0)   
 0.         0.         0.         0.         0.        
-1.         4.9582     5.         0.         1.        
-2.         2.3546     5.         0.         1.        
-3.         2.1742     5.         0.         1.        
-4.         2.1636     5.         0.         1.        
-5.         2.1636     5.         0.         1.        
-6.         2.1636     5.         0.         1.        
 27.        2.1636     5.         0.         1.        
#           i(Vds)     i(Vbs)     ps(Vds)    ps(Vbs)   
 27.       -28.364u    0.         141.82u    0.        
#           id(M1)     is(M1)     ig(M1)     ib(M1)     ibd(M1)    ibs(M1)   
 27.        28.364u   -28.364u    0.         0.         0.         0.        
#           vgs(M1)    vds(M1)    vbs(M1)    vbd(M1)    von(M1)    vdsat(M1) 
 27.        2.1636     2.1636     0.        -2.1636     1.0461     0.94266   
#           gm(M1)     gds(M1)    gmb(M1)    gbd(M1)    gbs(M1)   
 27.        43.291u    248.15n    17.74u     0.         0.        
#           cbd(M1)    cbs(M1)    cgs(M1)    cgd(M1)    cgb(M1)   
 27.        0.         0.         41.982f    0.         0.        
#           cqgs(M1)   cqgd(M1)   cqgb(M1)   cqbd(M1)   cqbs(M1)  
 27.        ??         ??         0.         ??         ??        
#           qgs(M1)    qgd(M1)    qgb(M1)    qbd(M1)    qbs(M1)   
 27.        0.         0.         ??         0.         0.        
#           cgsovl(M1) cgdovl(M1) cgbovl(M1) cgate(M1)  region(M1)
 27.        1.9707f    0.         0.         62.973f    7.        
#           cgst(M1)   cgdt(M1)   cgbt(M1)  
 27.        43.953f    0.         0.        
#           vdm(M1)    vgm(M1)    vbm(M1)    vsm(M1)   
 27.        1.0818     1.0818    -1.0818    -1.0818    
#           vd(M1)     vg(M1)     vb(M1)     vs(M1)     vth(M1)    vgst(M1)  
 27.        2.1636     2.1636     0.         0.         1.0461     1.1174    
