' dc sweep test 
#           v(1)       v(2)       v(3)      
-2.        -2.         1.         0.        
-1.        -1.         1.         0.        
 0.         0.         1.         0.        
 1.         1.         1.         0.        
 2.         2.         1.         0.        
#           v(1)       v(2)       v(3)      
-2.         1.        -2.         0.        
-1.         1.        -1.         0.        
 0.         1.         0.         0.        
 1.         1.         1.         0.        
 2.         1.         2.         0.        
#           v(1)       v(2)       v(3)      
-2.         1.         1.        -2.        
-1.         1.         1.        -1.        
 0.         1.         1.         0.        
 1.         1.         1.         1.        
 2.         1.         1.         2.        
