15 cascaded NMOS inverters 
#           iter(0)    V(1)       V(10)      V(11)      V(12)      V(13)     
+ V(14)      V(15)      V(16)      V(17)      V(2)       V(3)       V(4)      
+ V(5)       V(6)       V(7)       V(8)       V(9)      
 27.        21.        5.         0.46622    3.2034     0.46622    3.2034    
+ 0.46622    3.2034     0.46622    3.2034     0.8        3.0455     0.49727   
+ 3.2034     0.46622    3.2034     0.46622    3.2034    
#           iter(0)    V(1)       V(10)      V(11)      V(12)      V(13)     
+ V(14)      V(15)      V(16)      V(17)      V(2)       V(3)       V(4)      
+ V(5)       V(6)       V(7)       V(8)       V(9)      
 27.        21.        5.         0.46622    3.2034     0.46622    3.2034    
+ 0.46622    3.2034     0.46622    3.2034     0.8        3.0455     0.49727   
+ 3.2034     0.46622    3.2034     0.46622    3.2034    
Gnucap   System status
iterations: op=21, dc=0, tran=0, fourier=0, total=42
transient timesteps: accepted=0, rejected=0, total=0
nodes: user=17, subckt=0, model=0, total=17
dctran density=26.6%, ac density=26.6%
md1 ( 3 2 0 0 )  modeld  l=2u w=10u
ml1 ( 1 1 3 0 )  modell  l=2u w=2u
md2 ( 4 3 0 0 )  modeld  l=2u w=10u
ml2 ( 1 1 4 0 )  modell  l=2u w=2u
md3 ( 5 4 0 0 )  modeld  l=2u w=10u
ml3 ( 1 1 5 0 )  modell  l=2u w=2u
md4 ( 6 5 0 0 )  modeld  l=2u w=10u
ml4 ( 1 1 6 0 )  modell  l=2u w=2u
md5 ( 7 6 0 0 )  modeld  l=2u w=10u
ml5 ( 1 1 7 0 )  modell  l=2u w=2u
md6 ( 8 7 0 0 )  modeld  l=2u w=10u
ml6 ( 1 1 8 0 )  modell  l=2u w=2u
md7 ( 9 8 0 0 )  modeld  l=2u w=10u
ml7 ( 1 1 9 0 )  modell  l=2u w=2u
md8 ( 10 9 0 0 )  modeld  l=2u w=10u
ml8 ( 1 1 10 0 )  modell  l=2u w=2u
md9 ( 11 10 0 0 )  modeld  l=2u w=10u
ml9 ( 1 1 11 0 )  modell  l=2u w=2u
md10 ( 12 11 0 0 )  modeld  l=2u w=10u
ml10 ( 1 1 12 0 )  modell  l=2u w=2u
md11 ( 13 12 0 0 )  modeld  l=2u w=10u
ml11 ( 1 1 13 0 )  modell  l=2u w=2u
md12 ( 14 13 0 0 )  modeld  l=2u w=10u
ml12 ( 1 1 14 0 )  modell  l=2u w=2u
md13 ( 15 14 0 0 )  modeld  l=2u w=10u
ml13 ( 1 1 15 0 )  modell  l=2u w=2u
md14 ( 16 15 0 0 )  modeld  l=2u w=10u
ml14 ( 1 1 16 0 )  modell  l=2u w=2u
md15 ( 17 16 0 0 )  modeld  l=2u w=10u
ml15 ( 1 1 17 0 )  modell  l=2u w=2u
vdd ( 1 0 )  DC  5.
vin ( 2 0 )  DC  0.8
.model MODELD nmos2 ( level=2 kp=28U nfs=NA( 0.) delta=NA( 0.) vto=0.7
+ gamma=0.9 phi=0.5 lambda=0.01 tox= 100.n uo=NA( 600.) tpg=1 tnom=NA( 27.)
+ fc=NA( 0.5) pb=NA( 0.8) cj=NA( 0.) mj=NA( 0.5) cjsw=NA( 0.) mjsw=NA( 0.33)
+ is=NA( 10.f) cgso=NA( 0.) cgdo=NA( 0.) cgbo=NA( 0.) ld=NA( 0.))
.model MODELL nmos2 ( level=2 kp=28U nfs=NA( 0.) delta=NA( 0.) vto=0.7
+ gamma=0.9 phi=0.5 lambda=0.01 tox= 100.n uo=NA( 600.) tpg=1 tnom=NA( 27.)
+ fc=NA( 0.5) pb=NA( 0.8) cj=NA( 0.) mj=NA( 0.5) cjsw=NA( 0.) mjsw=NA( 0.33)
+ is=NA( 10.f) cgso=NA( 0.) cgdo=NA( 0.) cgbo=NA( 0.) ld=NA( 0.))
